psql: error: sql/copy.sql: No such file or directory
