--
-- CREATE_OPERATOR
--
CREATE OPERATOR ## (
   leftarg = path,
   rightarg = path,
   function = path_inter,
   commutator = ##
);
CREATE OPERATOR
CREATE OPERATOR <% (
   leftarg = point,
   rightarg = widget,
   procedure = pt_in_widget,
   commutator = >% ,
   negator = >=%
);
CREATE OPERATOR
CREATE OPERATOR @#@ (
   rightarg = int8,		-- left unary
   procedure = numeric_fac
);
CREATE OPERATOR
CREATE OPERATOR #@# (
   leftarg = int8,		-- right unary
   procedure = numeric_fac
);
CREATE OPERATOR
CREATE OPERATOR #%# (
   leftarg = int8,		-- right unary
   procedure = numeric_fac
);
CREATE OPERATOR
-- Test operator created above
SELECT point '(1,2)' <% widget '(0,0,3)' AS t,
       point '(1,2)' <% widget '(0,0,1)' AS f;
 t | f 
---+---
 t | f
(1 row)

-- Test comments
COMMENT ON OPERATOR ###### (int4, NONE) IS 'bad right unary';
psql:sql/create_operator.sql:40: ERROR:  operator does not exist: integer ######
-- => is disallowed now
CREATE OPERATOR => (
   leftarg = int8,		-- right unary
   procedure = numeric_fac
);
psql:sql/create_operator.sql:46: ERROR:  syntax error at or near "=>"
LINE 1: CREATE OPERATOR => (
                        ^
-- lexing of <=, >=, <>, != has a number of edge cases
-- (=> is tested elsewhere)
-- this is legal because ! is not allowed in sql ops
CREATE OPERATOR !=- (
   leftarg = int8,		-- right unary
   procedure = numeric_fac
);
CREATE OPERATOR
SELECT 2 !=-;
 ?column? 
----------
        2
(1 row)

-- make sure lexer returns != as <> even in edge cases
SELECT 2 !=/**/ 1, 2 !=/**/ 2;
 ?column? | ?column? 
----------+----------
 t        | f
(1 row)

SELECT 2 !=-- comment to be removed by psql
  1;
 ?column? 
----------
 t
(1 row)

DO $$ -- use DO to protect -- from psql
  declare r boolean;
  begin
    execute $e$ select 2 !=-- comment
      1 $e$ into r;
    raise info 'r = %', r;
  end;
$$;
psql:sql/create_operator.sql:68: INFO:  r = t
DO
-- check that <= etc. followed by more operator characters are returned
-- as the correct token with correct precedence
SELECT true<>-1 BETWEEN 1 AND 1;  -- BETWEEN has prec. above <> but below Op
 ?column? 
----------
 t
(1 row)

SELECT false<>/**/1 BETWEEN 1 AND 1;
 ?column? 
----------
 t
(1 row)

SELECT false<=-1 BETWEEN 1 AND 1;
 ?column? 
----------
 t
(1 row)

SELECT false>=-1 BETWEEN 1 AND 1;
 ?column? 
----------
 t
(1 row)

SELECT 2<=/**/3, 3>=/**/2, 2<>/**/3;
 ?column? | ?column? | ?column? 
----------+----------+----------
 t        | t        | t
(1 row)

SELECT 3<=/**/2, 2>=/**/3, 2<>/**/2;
 ?column? | ?column? | ?column? 
----------+----------+----------
 f        | f        | f
(1 row)

-- Should fail. CREATE OPERATOR requires USAGE on SCHEMA
CREATE SCHEMA schema_op1;
CREATE SCHEMA
BEGIN TRANSACTION;
BEGIN
CREATE ROLE regress_rol_op1;
CREATE ROLE
GRANT USAGE ON SCHEMA schema_op1 TO PUBLIC;
GRANT
REVOKE USAGE ON SCHEMA schema_op1 FROM regress_rol_op1;
REVOKE
SET ROLE regress_rol_op1;
SET
CREATE OPERATOR schema_op1.#*# (
   leftarg = int8,		-- right unary
   procedure = numeric_fac
);
psql:sql/create_operator.sql:89: ERROR:  permission denied for schema schema_op1
ROLLBACK;
ROLLBACK
DROP SCHEMA schema_op1;
DROP SCHEMA
-- Should fail. SETOF type functions not allowed as argument (testing leftarg)
BEGIN TRANSACTION;
BEGIN
CREATE OPERATOR #*# (
   leftarg = SETOF int8,
   procedure = numeric_fac
);
psql:sql/create_operator.sql:98: ERROR:  SETOF type not allowed for operator argument
ROLLBACK;
ROLLBACK
-- Should fail. SETOF type functions not allowed as argument (testing rightarg)
BEGIN TRANSACTION;
BEGIN
CREATE OPERATOR #*# (
   rightarg = SETOF int8,
   procedure = numeric_fac
);
psql:sql/create_operator.sql:107: ERROR:  SETOF type not allowed for operator argument
ROLLBACK;
ROLLBACK
-- Should work. Sample text-book case
BEGIN TRANSACTION;
BEGIN
CREATE OR REPLACE FUNCTION fn_op2(boolean, boolean)
RETURNS boolean AS $$
    SELECT NULL::BOOLEAN;
$$ LANGUAGE sql IMMUTABLE;
CREATE FUNCTION
CREATE OPERATOR === (
    LEFTARG = boolean,
    RIGHTARG = boolean,
    PROCEDURE = fn_op2,
    COMMUTATOR = ===,
    NEGATOR = !==,
    RESTRICT = contsel,
    JOIN = contjoinsel,
    SORT1, SORT2, LTCMP, GTCMP, HASHES, MERGES
);
CREATE OPERATOR
ROLLBACK;
ROLLBACK
-- Should fail. Invalid attribute
CREATE OPERATOR #@%# (
   leftarg = int8,		-- right unary
   procedure = numeric_fac,
   invalid_att = int8
);
psql:sql/create_operator.sql:134: WARNING:  operator attribute "invalid_att" not recognized
CREATE OPERATOR
-- Should fail. At least leftarg or rightarg should be mandatorily specified
CREATE OPERATOR #@%# (
   procedure = numeric_fac
);
psql:sql/create_operator.sql:139: ERROR:  at least one of leftarg or rightarg must be specified
-- Should fail. Procedure should be mandatorily specified
CREATE OPERATOR #@%# (
   leftarg = int8
);
psql:sql/create_operator.sql:144: ERROR:  operator function must be specified
-- Should fail. CREATE OPERATOR requires USAGE on TYPE
BEGIN TRANSACTION;
BEGIN
CREATE ROLE regress_rol_op3;
CREATE ROLE
CREATE TYPE type_op3 AS ENUM ('new', 'open', 'closed');
CREATE TYPE
CREATE FUNCTION fn_op3(type_op3, int8)
RETURNS int8 AS $$
    SELECT NULL::int8;
$$ LANGUAGE sql IMMUTABLE;
CREATE FUNCTION
REVOKE USAGE ON TYPE type_op3 FROM regress_rol_op3;
REVOKE
REVOKE USAGE ON TYPE type_op3 FROM PUBLIC;  -- Need to do this so that regress_rol_op3 is not allowed USAGE via PUBLIC
REVOKE
SET ROLE regress_rol_op3;
SET
CREATE OPERATOR #*# (
   leftarg = type_op3,
   rightarg = int8,
   procedure = fn_op3
);
psql:sql/create_operator.sql:161: ERROR:  permission denied for type type_op3
ROLLBACK;
ROLLBACK
-- Should fail. CREATE OPERATOR requires USAGE on TYPE (need to check separately for rightarg)
BEGIN TRANSACTION;
BEGIN
CREATE ROLE regress_rol_op4;
CREATE ROLE
CREATE TYPE type_op4 AS ENUM ('new', 'open', 'closed');
CREATE TYPE
CREATE FUNCTION fn_op4(int8, type_op4)
RETURNS int8 AS $$
    SELECT NULL::int8;
$$ LANGUAGE sql IMMUTABLE;
CREATE FUNCTION
REVOKE USAGE ON TYPE type_op4 FROM regress_rol_op4;
REVOKE
REVOKE USAGE ON TYPE type_op4 FROM PUBLIC;  -- Need to do this so that regress_rol_op3 is not allowed USAGE via PUBLIC
REVOKE
SET ROLE regress_rol_op4;
SET
CREATE OPERATOR #*# (
   leftarg = int8,
   rightarg = type_op4,
   procedure = fn_op4
);
psql:sql/create_operator.sql:179: ERROR:  permission denied for type type_op4
ROLLBACK;
ROLLBACK
-- Should fail. CREATE OPERATOR requires EXECUTE on function
BEGIN TRANSACTION;
BEGIN
CREATE ROLE regress_rol_op5;
CREATE ROLE
CREATE TYPE type_op5 AS ENUM ('new', 'open', 'closed');
CREATE TYPE
CREATE FUNCTION fn_op5(int8, int8)
RETURNS int8 AS $$
    SELECT NULL::int8;
$$ LANGUAGE sql IMMUTABLE;
CREATE FUNCTION
REVOKE EXECUTE ON FUNCTION fn_op5(int8, int8) FROM regress_rol_op5;
REVOKE
REVOKE EXECUTE ON FUNCTION fn_op5(int8, int8) FROM PUBLIC;-- Need to do this so that regress_rol_op3 is not allowed EXECUTE via PUBLIC
REVOKE
SET ROLE regress_rol_op5;
SET
CREATE OPERATOR #*# (
   leftarg = int8,
   rightarg = int8,
   procedure = fn_op5
);
psql:sql/create_operator.sql:197: ERROR:  permission denied for function fn_op5
ROLLBACK;
ROLLBACK
-- Should fail. CREATE OPERATOR requires USAGE on return TYPE
BEGIN TRANSACTION;
BEGIN
CREATE ROLE regress_rol_op6;
CREATE ROLE
CREATE TYPE type_op6 AS ENUM ('new', 'open', 'closed');
CREATE TYPE
CREATE FUNCTION fn_op6(int8, int8)
RETURNS type_op6 AS $$
    SELECT NULL::type_op6;
$$ LANGUAGE sql IMMUTABLE;
CREATE FUNCTION
REVOKE USAGE ON TYPE type_op6 FROM regress_rol_op6;
REVOKE
REVOKE USAGE ON TYPE type_op6 FROM PUBLIC;  -- Need to do this so that regress_rol_op3 is not allowed USAGE via PUBLIC
REVOKE
SET ROLE regress_rol_op6;
SET
CREATE OPERATOR #*# (
   leftarg = int8,
   rightarg = int8,
   procedure = fn_op6
);
psql:sql/create_operator.sql:215: ERROR:  permission denied for type type_op6
ROLLBACK;
ROLLBACK
-- invalid: non-lowercase quoted identifiers
CREATE OPERATOR ===
(
	"Leftarg" = box,
	"Rightarg" = box,
	"Procedure" = area_equal_function,
	"Commutator" = ===,
	"Negator" = !==,
	"Restrict" = area_restriction_function,
	"Join" = area_join_function,
	"Hashes",
	"Merges"
);
psql:sql/create_operator.sql:230: WARNING:  operator attribute "Leftarg" not recognized
psql:sql/create_operator.sql:230: WARNING:  operator attribute "Rightarg" not recognized
psql:sql/create_operator.sql:230: WARNING:  operator attribute "Procedure" not recognized
psql:sql/create_operator.sql:230: WARNING:  operator attribute "Commutator" not recognized
psql:sql/create_operator.sql:230: WARNING:  operator attribute "Negator" not recognized
psql:sql/create_operator.sql:230: WARNING:  operator attribute "Restrict" not recognized
psql:sql/create_operator.sql:230: WARNING:  operator attribute "Join" not recognized
psql:sql/create_operator.sql:230: WARNING:  operator attribute "Hashes" not recognized
psql:sql/create_operator.sql:230: WARNING:  operator attribute "Merges" not recognized
psql:sql/create_operator.sql:230: ERROR:  operator function must be specified
