--
-- Test for pg_get_object_address
--
-- Clean up in case a prior regression run failed
SET client_min_messages TO 'warning';
SET
DROP ROLE IF EXISTS regress_addr_user;
DROP ROLE
RESET client_min_messages;
RESET
CREATE USER regress_addr_user;
CREATE ROLE
-- Test generic object addressing/identification functions
CREATE SCHEMA addr_nsp;
CREATE SCHEMA
SET search_path TO 'addr_nsp';
SET
CREATE FOREIGN DATA WRAPPER addr_fdw;
CREATE FOREIGN DATA WRAPPER
CREATE SERVER addr_fserv FOREIGN DATA WRAPPER addr_fdw;
CREATE SERVER
CREATE TEXT SEARCH DICTIONARY addr_ts_dict (template=simple);
CREATE TEXT SEARCH DICTIONARY
CREATE TEXT SEARCH CONFIGURATION addr_ts_conf (copy=english);
CREATE TEXT SEARCH CONFIGURATION
CREATE TEXT SEARCH TEMPLATE addr_ts_temp (lexize=dsimple_lexize);
CREATE TEXT SEARCH TEMPLATE
CREATE TEXT SEARCH PARSER addr_ts_prs
    (start = prsd_start, gettoken = prsd_nexttoken, end = prsd_end, lextypes = prsd_lextype);
CREATE TEXT SEARCH PARSER
CREATE TABLE addr_nsp.gentable (
	a serial primary key CONSTRAINT a_chk CHECK (a > 0),
	b text DEFAULT 'hello');
CREATE TABLE
CREATE TABLE addr_nsp.parttable (
	a int PRIMARY KEY
) PARTITION BY RANGE (a);
CREATE TABLE
CREATE VIEW addr_nsp.genview AS SELECT * from addr_nsp.gentable;
CREATE VIEW
CREATE MATERIALIZED VIEW addr_nsp.genmatview AS SELECT * FROM addr_nsp.gentable;
SELECT 0
CREATE TYPE addr_nsp.gencomptype AS (a int);
CREATE TYPE
CREATE TYPE addr_nsp.genenum AS ENUM ('one', 'two');
CREATE TYPE
CREATE FOREIGN TABLE addr_nsp.genftable (a int) SERVER addr_fserv;
CREATE FOREIGN TABLE
CREATE AGGREGATE addr_nsp.genaggr(int4) (sfunc = int4pl, stype = int4);
CREATE AGGREGATE
--CREATE DOMAIN addr_nsp.gendomain AS int4 CONSTRAINT domconstr CHECK (value > 0);
CREATE FUNCTION addr_nsp.trig() RETURNS TRIGGER LANGUAGE plpgsql AS $$ BEGIN END; $$;
CREATE FUNCTION
CREATE TRIGGER t BEFORE INSERT ON addr_nsp.gentable FOR EACH ROW EXECUTE PROCEDURE addr_nsp.trig();
CREATE TRIGGER
-- CREATE POLICY genpol ON addr_nsp.gentable;
CREATE PROCEDURE addr_nsp.proc(int4) LANGUAGE SQL AS $$ $$;
CREATE PROCEDURE
CREATE SERVER "integer" FOREIGN DATA WRAPPER addr_fdw;
CREATE SERVER
CREATE USER MAPPING FOR regress_addr_user SERVER "integer";
CREATE USER MAPPING
ALTER DEFAULT PRIVILEGES FOR ROLE regress_addr_user IN SCHEMA public GRANT ALL ON TABLES TO regress_addr_user;
ALTER DEFAULT PRIVILEGES
ALTER DEFAULT PRIVILEGES FOR ROLE regress_addr_user REVOKE DELETE ON TABLES FROM regress_addr_user;
ALTER DEFAULT PRIVILEGES
-- this transform would be quite unsafe to leave lying around,
-- except that the SQL language pays no attention to transforms:
CREATE TRANSFORM FOR int LANGUAGE SQL (
	FROM SQL WITH FUNCTION prsd_lextype(internal),
	TO SQL WITH FUNCTION int4recv(internal));
CREATE TRANSFORM
--CREATE PUBLICATION addr_pub FOR TABLE addr_nsp.gentable;
--CREATE SUBSCRIPTION addr_sub CONNECTION '' PUBLICATION bar WITH (connect = false, slot_name = NONE);
--CREATE STATISTICS addr_nsp.gentable_stat ON a, b FROM addr_nsp.gentable;
-- test some error cases
SELECT pg_get_object_address('stone', '{}', '{}');
psql:sql/object_address.sql:53: ERROR:  unrecognized object type "stone"
SELECT pg_get_object_address('table', '{}', '{}');
psql:sql/object_address.sql:54: ERROR:  name list length must be at least 1
SELECT pg_get_object_address('table', '{NULL}', '{}');
psql:sql/object_address.sql:55: ERROR:  name or argument lists may not contain nulls
-- unrecognized object types
DO $$
DECLARE
	objtype text;
BEGIN
	FOR objtype IN VALUES ('toast table'), ('index column'), ('sequence column'),
		('toast table column'), ('view column'), ('materialized view column')
	LOOP
		BEGIN
			PERFORM pg_get_object_address(objtype, '{one}', '{}');
		EXCEPTION WHEN invalid_parameter_value THEN
			RAISE WARNING 'error for %: %', objtype, sqlerrm;
		END;
	END LOOP;
END;
$$;
psql:sql/object_address.sql:72: WARNING:  error for toast table: unsupported object type "toast table"
psql:sql/object_address.sql:72: WARNING:  error for index column: unsupported object type "index column"
psql:sql/object_address.sql:72: WARNING:  error for sequence column: unsupported object type "sequence column"
psql:sql/object_address.sql:72: WARNING:  error for toast table column: unsupported object type "toast table column"
psql:sql/object_address.sql:72: WARNING:  error for view column: unsupported object type "view column"
psql:sql/object_address.sql:72: WARNING:  error for materialized view column: unsupported object type "materialized view column"
DO
-- miscellaneous other errors
select * from pg_get_object_address('operator of access method', '{btree,integer_ops,1}', '{int4,bool}');
psql:sql/object_address.sql:75: ERROR:  operator 1 (int4, bool) of operator family integer_ops for access method btree does not exist
select * from pg_get_object_address('operator of access method', '{btree,integer_ops,99}', '{int4,int4}');
psql:sql/object_address.sql:76: ERROR:  operator 99 (int4, int4) of operator family integer_ops for access method btree does not exist
select * from pg_get_object_address('function of access method', '{btree,integer_ops,1}', '{int4,bool}');
psql:sql/object_address.sql:77: ERROR:  function 1 (int4, bool) of operator family integer_ops for access method btree does not exist
select * from pg_get_object_address('function of access method', '{btree,integer_ops,99}', '{int4,int4}');
psql:sql/object_address.sql:78: ERROR:  function 99 (int4, int4) of operator family integer_ops for access method btree does not exist
DO $$
DECLARE
	objtype text;
	names	text[];
	args	text[];
BEGIN
	FOR objtype IN VALUES
		('table'), ('index'), ('sequence'), ('view'),
		('materialized view'), ('foreign table'),
		('table column'), ('foreign table column'),
		('aggregate'), ('function'), ('procedure'), ('type'), ('cast'),
		('table constraint'), ('conversion'), ('default value'),
		('operator'), ('operator class'), ('operator family'), ('rule'), 
		('text search parser'), ('text search dictionary'),
		('text search template'), ('text search configuration'),
		('policy'), ('user mapping'), ('default acl'), ('transform'),
		('operator of access method'), ('function of access method'),
		('publication relation')
	LOOP
		FOR names IN VALUES ('{eins}'), ('{addr_nsp, zwei}'), ('{eins, zwei, drei}')
		LOOP
			FOR args IN VALUES ('{}'), ('{integer}')
			LOOP
				BEGIN
					PERFORM pg_get_object_address(objtype, names, args);
				EXCEPTION WHEN OTHERS THEN
						RAISE WARNING 'error for %,%,%: %', objtype, names, args, sqlerrm;
				END;
			END LOOP;
		END LOOP;
	END LOOP;
END;
$$;
psql:sql/object_address.sql:112: WARNING:  error for table,{eins},{}: relation "eins" does not exist
psql:sql/object_address.sql:112: WARNING:  error for table,{eins},{integer}: relation "eins" does not exist
psql:sql/object_address.sql:112: WARNING:  error for table,{addr_nsp,zwei},{}: relation "addr_nsp.zwei" does not exist
psql:sql/object_address.sql:112: WARNING:  error for table,{addr_nsp,zwei},{integer}: relation "addr_nsp.zwei" does not exist
psql:sql/object_address.sql:112: WARNING:  error for table,{eins,zwei,drei},{}: cross-database references are not implemented: "eins.zwei.drei"
psql:sql/object_address.sql:112: WARNING:  error for table,{eins,zwei,drei},{integer}: cross-database references are not implemented: "eins.zwei.drei"
psql:sql/object_address.sql:112: WARNING:  error for index,{eins},{}: relation "eins" does not exist
psql:sql/object_address.sql:112: WARNING:  error for index,{eins},{integer}: relation "eins" does not exist
psql:sql/object_address.sql:112: WARNING:  error for index,{addr_nsp,zwei},{}: relation "addr_nsp.zwei" does not exist
psql:sql/object_address.sql:112: WARNING:  error for index,{addr_nsp,zwei},{integer}: relation "addr_nsp.zwei" does not exist
psql:sql/object_address.sql:112: WARNING:  error for index,{eins,zwei,drei},{}: cross-database references are not implemented: "eins.zwei.drei"
psql:sql/object_address.sql:112: WARNING:  error for index,{eins,zwei,drei},{integer}: cross-database references are not implemented: "eins.zwei.drei"
psql:sql/object_address.sql:112: WARNING:  error for sequence,{eins},{}: relation "eins" does not exist
psql:sql/object_address.sql:112: WARNING:  error for sequence,{eins},{integer}: relation "eins" does not exist
psql:sql/object_address.sql:112: WARNING:  error for sequence,{addr_nsp,zwei},{}: relation "addr_nsp.zwei" does not exist
psql:sql/object_address.sql:112: WARNING:  error for sequence,{addr_nsp,zwei},{integer}: relation "addr_nsp.zwei" does not exist
psql:sql/object_address.sql:112: WARNING:  error for sequence,{eins,zwei,drei},{}: cross-database references are not implemented: "eins.zwei.drei"
psql:sql/object_address.sql:112: WARNING:  error for sequence,{eins,zwei,drei},{integer}: cross-database references are not implemented: "eins.zwei.drei"
psql:sql/object_address.sql:112: WARNING:  error for view,{eins},{}: relation "eins" does not exist
psql:sql/object_address.sql:112: WARNING:  error for view,{eins},{integer}: relation "eins" does not exist
psql:sql/object_address.sql:112: WARNING:  error for view,{addr_nsp,zwei},{}: relation "addr_nsp.zwei" does not exist
psql:sql/object_address.sql:112: WARNING:  error for view,{addr_nsp,zwei},{integer}: relation "addr_nsp.zwei" does not exist
psql:sql/object_address.sql:112: WARNING:  error for view,{eins,zwei,drei},{}: cross-database references are not implemented: "eins.zwei.drei"
psql:sql/object_address.sql:112: WARNING:  error for view,{eins,zwei,drei},{integer}: cross-database references are not implemented: "eins.zwei.drei"
psql:sql/object_address.sql:112: WARNING:  error for materialized view,{eins},{}: relation "eins" does not exist
psql:sql/object_address.sql:112: WARNING:  error for materialized view,{eins},{integer}: relation "eins" does not exist
psql:sql/object_address.sql:112: WARNING:  error for materialized view,{addr_nsp,zwei},{}: relation "addr_nsp.zwei" does not exist
psql:sql/object_address.sql:112: WARNING:  error for materialized view,{addr_nsp,zwei},{integer}: relation "addr_nsp.zwei" does not exist
psql:sql/object_address.sql:112: WARNING:  error for materialized view,{eins,zwei,drei},{}: cross-database references are not implemented: "eins.zwei.drei"
psql:sql/object_address.sql:112: WARNING:  error for materialized view,{eins,zwei,drei},{integer}: cross-database references are not implemented: "eins.zwei.drei"
psql:sql/object_address.sql:112: WARNING:  error for foreign table,{eins},{}: relation "eins" does not exist
psql:sql/object_address.sql:112: WARNING:  error for foreign table,{eins},{integer}: relation "eins" does not exist
psql:sql/object_address.sql:112: WARNING:  error for foreign table,{addr_nsp,zwei},{}: relation "addr_nsp.zwei" does not exist
psql:sql/object_address.sql:112: WARNING:  error for foreign table,{addr_nsp,zwei},{integer}: relation "addr_nsp.zwei" does not exist
psql:sql/object_address.sql:112: WARNING:  error for foreign table,{eins,zwei,drei},{}: cross-database references are not implemented: "eins.zwei.drei"
psql:sql/object_address.sql:112: WARNING:  error for foreign table,{eins,zwei,drei},{integer}: cross-database references are not implemented: "eins.zwei.drei"
psql:sql/object_address.sql:112: WARNING:  error for table column,{eins},{}: column name must be qualified
psql:sql/object_address.sql:112: WARNING:  error for table column,{eins},{integer}: column name must be qualified
psql:sql/object_address.sql:112: WARNING:  error for table column,{addr_nsp,zwei},{}: relation "addr_nsp" does not exist
psql:sql/object_address.sql:112: WARNING:  error for table column,{addr_nsp,zwei},{integer}: relation "addr_nsp" does not exist
psql:sql/object_address.sql:112: WARNING:  error for table column,{eins,zwei,drei},{}: schema "eins" does not exist
psql:sql/object_address.sql:112: WARNING:  error for table column,{eins,zwei,drei},{integer}: schema "eins" does not exist
psql:sql/object_address.sql:112: WARNING:  error for foreign table column,{eins},{}: column name must be qualified
psql:sql/object_address.sql:112: WARNING:  error for foreign table column,{eins},{integer}: column name must be qualified
psql:sql/object_address.sql:112: WARNING:  error for foreign table column,{addr_nsp,zwei},{}: relation "addr_nsp" does not exist
psql:sql/object_address.sql:112: WARNING:  error for foreign table column,{addr_nsp,zwei},{integer}: relation "addr_nsp" does not exist
psql:sql/object_address.sql:112: WARNING:  error for foreign table column,{eins,zwei,drei},{}: schema "eins" does not exist
psql:sql/object_address.sql:112: WARNING:  error for foreign table column,{eins,zwei,drei},{integer}: schema "eins" does not exist
psql:sql/object_address.sql:112: WARNING:  error for aggregate,{eins},{}: aggregate eins(*) does not exist
psql:sql/object_address.sql:112: WARNING:  error for aggregate,{eins},{integer}: aggregate eins(integer) does not exist
psql:sql/object_address.sql:112: WARNING:  error for aggregate,{addr_nsp,zwei},{}: aggregate addr_nsp.zwei(*) does not exist
psql:sql/object_address.sql:112: WARNING:  error for aggregate,{addr_nsp,zwei},{integer}: aggregate addr_nsp.zwei(integer) does not exist
psql:sql/object_address.sql:112: WARNING:  error for aggregate,{eins,zwei,drei},{}: cross-database references are not implemented: eins.zwei.drei
psql:sql/object_address.sql:112: WARNING:  error for aggregate,{eins,zwei,drei},{integer}: cross-database references are not implemented: eins.zwei.drei
psql:sql/object_address.sql:112: WARNING:  error for function,{eins},{}: function eins() does not exist
psql:sql/object_address.sql:112: WARNING:  error for function,{eins},{integer}: function eins(integer) does not exist
psql:sql/object_address.sql:112: WARNING:  error for function,{addr_nsp,zwei},{}: function addr_nsp.zwei() does not exist
psql:sql/object_address.sql:112: WARNING:  error for function,{addr_nsp,zwei},{integer}: function addr_nsp.zwei(integer) does not exist
psql:sql/object_address.sql:112: WARNING:  error for function,{eins,zwei,drei},{}: cross-database references are not implemented: eins.zwei.drei
psql:sql/object_address.sql:112: WARNING:  error for function,{eins,zwei,drei},{integer}: cross-database references are not implemented: eins.zwei.drei
psql:sql/object_address.sql:112: WARNING:  error for procedure,{eins},{}: procedure eins() does not exist
psql:sql/object_address.sql:112: WARNING:  error for procedure,{eins},{integer}: procedure eins(integer) does not exist
psql:sql/object_address.sql:112: WARNING:  error for procedure,{addr_nsp,zwei},{}: procedure addr_nsp.zwei() does not exist
psql:sql/object_address.sql:112: WARNING:  error for procedure,{addr_nsp,zwei},{integer}: procedure addr_nsp.zwei(integer) does not exist
psql:sql/object_address.sql:112: WARNING:  error for procedure,{eins,zwei,drei},{}: cross-database references are not implemented: eins.zwei.drei
psql:sql/object_address.sql:112: WARNING:  error for procedure,{eins,zwei,drei},{integer}: cross-database references are not implemented: eins.zwei.drei
psql:sql/object_address.sql:112: WARNING:  error for type,{eins},{}: type "eins" does not exist
psql:sql/object_address.sql:112: WARNING:  error for type,{eins},{integer}: type "eins" does not exist
psql:sql/object_address.sql:112: WARNING:  error for type,{addr_nsp,zwei},{}: name list length must be exactly 1
psql:sql/object_address.sql:112: WARNING:  error for type,{addr_nsp,zwei},{integer}: name list length must be exactly 1
psql:sql/object_address.sql:112: WARNING:  error for type,{eins,zwei,drei},{}: name list length must be exactly 1
psql:sql/object_address.sql:112: WARNING:  error for type,{eins,zwei,drei},{integer}: name list length must be exactly 1
psql:sql/object_address.sql:112: WARNING:  error for cast,{eins},{}: argument list length must be exactly 1
psql:sql/object_address.sql:112: WARNING:  error for cast,{eins},{integer}: type "eins" does not exist
psql:sql/object_address.sql:112: WARNING:  error for cast,{addr_nsp,zwei},{}: name list length must be exactly 1
psql:sql/object_address.sql:112: WARNING:  error for cast,{addr_nsp,zwei},{integer}: name list length must be exactly 1
psql:sql/object_address.sql:112: WARNING:  error for cast,{eins,zwei,drei},{}: name list length must be exactly 1
psql:sql/object_address.sql:112: WARNING:  error for cast,{eins,zwei,drei},{integer}: name list length must be exactly 1
psql:sql/object_address.sql:112: WARNING:  error for table constraint,{eins},{}: must specify relation and object name
psql:sql/object_address.sql:112: WARNING:  error for table constraint,{eins},{integer}: must specify relation and object name
psql:sql/object_address.sql:112: WARNING:  error for table constraint,{addr_nsp,zwei},{}: relation "addr_nsp" does not exist
psql:sql/object_address.sql:112: WARNING:  error for table constraint,{addr_nsp,zwei},{integer}: relation "addr_nsp" does not exist
psql:sql/object_address.sql:112: WARNING:  error for table constraint,{eins,zwei,drei},{}: schema "eins" does not exist
psql:sql/object_address.sql:112: WARNING:  error for table constraint,{eins,zwei,drei},{integer}: schema "eins" does not exist
psql:sql/object_address.sql:112: WARNING:  error for conversion,{eins},{}: conversion "eins" does not exist
psql:sql/object_address.sql:112: WARNING:  error for conversion,{eins},{integer}: conversion "eins" does not exist
psql:sql/object_address.sql:112: WARNING:  error for conversion,{addr_nsp,zwei},{}: conversion "addr_nsp.zwei" does not exist
psql:sql/object_address.sql:112: WARNING:  error for conversion,{addr_nsp,zwei},{integer}: conversion "addr_nsp.zwei" does not exist
psql:sql/object_address.sql:112: WARNING:  error for conversion,{eins,zwei,drei},{}: cross-database references are not implemented: eins.zwei.drei
psql:sql/object_address.sql:112: WARNING:  error for conversion,{eins,zwei,drei},{integer}: cross-database references are not implemented: eins.zwei.drei
psql:sql/object_address.sql:112: WARNING:  error for default value,{eins},{}: column name must be qualified
psql:sql/object_address.sql:112: WARNING:  error for default value,{eins},{integer}: column name must be qualified
psql:sql/object_address.sql:112: WARNING:  error for default value,{addr_nsp,zwei},{}: relation "addr_nsp" does not exist
psql:sql/object_address.sql:112: WARNING:  error for default value,{addr_nsp,zwei},{integer}: relation "addr_nsp" does not exist
psql:sql/object_address.sql:112: WARNING:  error for default value,{eins,zwei,drei},{}: schema "eins" does not exist
psql:sql/object_address.sql:112: WARNING:  error for default value,{eins,zwei,drei},{integer}: schema "eins" does not exist
psql:sql/object_address.sql:112: WARNING:  error for operator,{eins},{}: argument list length must be exactly 2
psql:sql/object_address.sql:112: WARNING:  error for operator,{eins},{integer}: argument list length must be exactly 2
psql:sql/object_address.sql:112: WARNING:  error for operator,{addr_nsp,zwei},{}: argument list length must be exactly 2
psql:sql/object_address.sql:112: WARNING:  error for operator,{addr_nsp,zwei},{integer}: argument list length must be exactly 2
psql:sql/object_address.sql:112: WARNING:  error for operator,{eins,zwei,drei},{}: argument list length must be exactly 2
psql:sql/object_address.sql:112: WARNING:  error for operator,{eins,zwei,drei},{integer}: argument list length must be exactly 2
psql:sql/object_address.sql:112: WARNING:  error for operator class,{eins},{}: name list length must be at least 2
psql:sql/object_address.sql:112: WARNING:  error for operator class,{eins},{integer}: name list length must be at least 2
psql:sql/object_address.sql:112: WARNING:  error for operator class,{addr_nsp,zwei},{}: access method "addr_nsp" does not exist
psql:sql/object_address.sql:112: WARNING:  error for operator class,{addr_nsp,zwei},{integer}: access method "addr_nsp" does not exist
psql:sql/object_address.sql:112: WARNING:  error for operator class,{eins,zwei,drei},{}: access method "eins" does not exist
psql:sql/object_address.sql:112: WARNING:  error for operator class,{eins,zwei,drei},{integer}: access method "eins" does not exist
psql:sql/object_address.sql:112: WARNING:  error for operator family,{eins},{}: name list length must be at least 2
psql:sql/object_address.sql:112: WARNING:  error for operator family,{eins},{integer}: name list length must be at least 2
psql:sql/object_address.sql:112: WARNING:  error for operator family,{addr_nsp,zwei},{}: access method "addr_nsp" does not exist
psql:sql/object_address.sql:112: WARNING:  error for operator family,{addr_nsp,zwei},{integer}: access method "addr_nsp" does not exist
psql:sql/object_address.sql:112: WARNING:  error for operator family,{eins,zwei,drei},{}: access method "eins" does not exist
psql:sql/object_address.sql:112: WARNING:  error for operator family,{eins,zwei,drei},{integer}: access method "eins" does not exist
psql:sql/object_address.sql:112: WARNING:  error for rule,{eins},{}: must specify relation and object name
psql:sql/object_address.sql:112: WARNING:  error for rule,{eins},{integer}: must specify relation and object name
psql:sql/object_address.sql:112: WARNING:  error for rule,{addr_nsp,zwei},{}: relation "addr_nsp" does not exist
psql:sql/object_address.sql:112: WARNING:  error for rule,{addr_nsp,zwei},{integer}: relation "addr_nsp" does not exist
psql:sql/object_address.sql:112: WARNING:  error for rule,{eins,zwei,drei},{}: schema "eins" does not exist
psql:sql/object_address.sql:112: WARNING:  error for rule,{eins,zwei,drei},{integer}: schema "eins" does not exist
psql:sql/object_address.sql:112: WARNING:  error for text search parser,{eins},{}: text search parser "eins" does not exist
psql:sql/object_address.sql:112: WARNING:  error for text search parser,{eins},{integer}: text search parser "eins" does not exist
psql:sql/object_address.sql:112: WARNING:  error for text search parser,{addr_nsp,zwei},{}: text search parser "addr_nsp.zwei" does not exist
psql:sql/object_address.sql:112: WARNING:  error for text search parser,{addr_nsp,zwei},{integer}: text search parser "addr_nsp.zwei" does not exist
psql:sql/object_address.sql:112: WARNING:  error for text search parser,{eins,zwei,drei},{}: cross-database references are not implemented: eins.zwei.drei
psql:sql/object_address.sql:112: WARNING:  error for text search parser,{eins,zwei,drei},{integer}: cross-database references are not implemented: eins.zwei.drei
psql:sql/object_address.sql:112: WARNING:  error for text search dictionary,{eins},{}: text search dictionary "eins" does not exist
psql:sql/object_address.sql:112: WARNING:  error for text search dictionary,{eins},{integer}: text search dictionary "eins" does not exist
psql:sql/object_address.sql:112: WARNING:  error for text search dictionary,{addr_nsp,zwei},{}: text search dictionary "addr_nsp.zwei" does not exist
psql:sql/object_address.sql:112: WARNING:  error for text search dictionary,{addr_nsp,zwei},{integer}: text search dictionary "addr_nsp.zwei" does not exist
psql:sql/object_address.sql:112: WARNING:  error for text search dictionary,{eins,zwei,drei},{}: cross-database references are not implemented: eins.zwei.drei
psql:sql/object_address.sql:112: WARNING:  error for text search dictionary,{eins,zwei,drei},{integer}: cross-database references are not implemented: eins.zwei.drei
psql:sql/object_address.sql:112: WARNING:  error for text search template,{eins},{}: text search template "eins" does not exist
psql:sql/object_address.sql:112: WARNING:  error for text search template,{eins},{integer}: text search template "eins" does not exist
psql:sql/object_address.sql:112: WARNING:  error for text search template,{addr_nsp,zwei},{}: text search template "addr_nsp.zwei" does not exist
psql:sql/object_address.sql:112: WARNING:  error for text search template,{addr_nsp,zwei},{integer}: text search template "addr_nsp.zwei" does not exist
psql:sql/object_address.sql:112: WARNING:  error for text search template,{eins,zwei,drei},{}: cross-database references are not implemented: eins.zwei.drei
psql:sql/object_address.sql:112: WARNING:  error for text search template,{eins,zwei,drei},{integer}: cross-database references are not implemented: eins.zwei.drei
psql:sql/object_address.sql:112: WARNING:  error for text search configuration,{eins},{}: text search configuration "eins" does not exist
psql:sql/object_address.sql:112: WARNING:  error for text search configuration,{eins},{integer}: text search configuration "eins" does not exist
psql:sql/object_address.sql:112: WARNING:  error for text search configuration,{addr_nsp,zwei},{}: text search configuration "addr_nsp.zwei" does not exist
psql:sql/object_address.sql:112: WARNING:  error for text search configuration,{addr_nsp,zwei},{integer}: text search configuration "addr_nsp.zwei" does not exist
psql:sql/object_address.sql:112: WARNING:  error for text search configuration,{eins,zwei,drei},{}: cross-database references are not implemented: eins.zwei.drei
psql:sql/object_address.sql:112: WARNING:  error for text search configuration,{eins,zwei,drei},{integer}: cross-database references are not implemented: eins.zwei.drei
psql:sql/object_address.sql:112: WARNING:  error for policy,{eins},{}: must specify relation and object name
psql:sql/object_address.sql:112: WARNING:  error for policy,{eins},{integer}: must specify relation and object name
psql:sql/object_address.sql:112: WARNING:  error for policy,{addr_nsp,zwei},{}: relation "addr_nsp" does not exist
psql:sql/object_address.sql:112: WARNING:  error for policy,{addr_nsp,zwei},{integer}: relation "addr_nsp" does not exist
psql:sql/object_address.sql:112: WARNING:  error for policy,{eins,zwei,drei},{}: schema "eins" does not exist
psql:sql/object_address.sql:112: WARNING:  error for policy,{eins,zwei,drei},{integer}: schema "eins" does not exist
psql:sql/object_address.sql:112: WARNING:  error for user mapping,{eins},{}: argument list length must be exactly 1
psql:sql/object_address.sql:112: WARNING:  error for user mapping,{eins},{integer}: user mapping for user "eins" on server "integer" does not exist
psql:sql/object_address.sql:112: WARNING:  error for user mapping,{addr_nsp,zwei},{}: argument list length must be exactly 1
psql:sql/object_address.sql:112: WARNING:  error for user mapping,{addr_nsp,zwei},{integer}: user mapping for user "addr_nsp" on server "integer" does not exist
psql:sql/object_address.sql:112: WARNING:  error for user mapping,{eins,zwei,drei},{}: argument list length must be exactly 1
psql:sql/object_address.sql:112: WARNING:  error for user mapping,{eins,zwei,drei},{integer}: user mapping for user "eins" on server "integer" does not exist
psql:sql/object_address.sql:112: WARNING:  error for default acl,{eins},{}: argument list length must be exactly 1
psql:sql/object_address.sql:112: WARNING:  error for default acl,{eins},{integer}: unrecognized default ACL object type "i"
psql:sql/object_address.sql:112: WARNING:  error for default acl,{addr_nsp,zwei},{}: argument list length must be exactly 1
psql:sql/object_address.sql:112: WARNING:  error for default acl,{addr_nsp,zwei},{integer}: unrecognized default ACL object type "i"
psql:sql/object_address.sql:112: WARNING:  error for default acl,{eins,zwei,drei},{}: argument list length must be exactly 1
psql:sql/object_address.sql:112: WARNING:  error for default acl,{eins,zwei,drei},{integer}: unrecognized default ACL object type "i"
psql:sql/object_address.sql:112: WARNING:  error for transform,{eins},{}: argument list length must be exactly 1
psql:sql/object_address.sql:112: WARNING:  error for transform,{eins},{integer}: type "eins" does not exist
psql:sql/object_address.sql:112: WARNING:  error for transform,{addr_nsp,zwei},{}: name list length must be exactly 1
psql:sql/object_address.sql:112: WARNING:  error for transform,{addr_nsp,zwei},{integer}: name list length must be exactly 1
psql:sql/object_address.sql:112: WARNING:  error for transform,{eins,zwei,drei},{}: name list length must be exactly 1
psql:sql/object_address.sql:112: WARNING:  error for transform,{eins,zwei,drei},{integer}: name list length must be exactly 1
psql:sql/object_address.sql:112: WARNING:  error for operator of access method,{eins},{}: name list length must be at least 3
psql:sql/object_address.sql:112: WARNING:  error for operator of access method,{eins},{integer}: name list length must be at least 3
psql:sql/object_address.sql:112: WARNING:  error for operator of access method,{addr_nsp,zwei},{}: name list length must be at least 3
psql:sql/object_address.sql:112: WARNING:  error for operator of access method,{addr_nsp,zwei},{integer}: name list length must be at least 3
psql:sql/object_address.sql:112: WARNING:  error for operator of access method,{eins,zwei,drei},{}: argument list length must be exactly 2
psql:sql/object_address.sql:112: WARNING:  error for operator of access method,{eins,zwei,drei},{integer}: argument list length must be exactly 2
psql:sql/object_address.sql:112: WARNING:  error for function of access method,{eins},{}: name list length must be at least 3
psql:sql/object_address.sql:112: WARNING:  error for function of access method,{eins},{integer}: name list length must be at least 3
psql:sql/object_address.sql:112: WARNING:  error for function of access method,{addr_nsp,zwei},{}: name list length must be at least 3
psql:sql/object_address.sql:112: WARNING:  error for function of access method,{addr_nsp,zwei},{integer}: name list length must be at least 3
psql:sql/object_address.sql:112: WARNING:  error for function of access method,{eins,zwei,drei},{}: argument list length must be exactly 2
psql:sql/object_address.sql:112: WARNING:  error for function of access method,{eins,zwei,drei},{integer}: argument list length must be exactly 2
psql:sql/object_address.sql:112: WARNING:  error for publication relation,{eins},{}: argument list length must be exactly 1
psql:sql/object_address.sql:112: WARNING:  error for publication relation,{eins},{integer}: relation "eins" does not exist
psql:sql/object_address.sql:112: WARNING:  error for publication relation,{addr_nsp,zwei},{}: argument list length must be exactly 1
psql:sql/object_address.sql:112: WARNING:  error for publication relation,{addr_nsp,zwei},{integer}: relation "addr_nsp.zwei" does not exist
psql:sql/object_address.sql:112: WARNING:  error for publication relation,{eins,zwei,drei},{}: argument list length must be exactly 1
psql:sql/object_address.sql:112: WARNING:  error for publication relation,{eins,zwei,drei},{integer}: cross-database references are not implemented: "eins.zwei.drei"
DO
-- these object types cannot be qualified names
SELECT pg_get_object_address('language', '{one}', '{}');
psql:sql/object_address.sql:115: ERROR:  language "one" does not exist
SELECT pg_get_object_address('language', '{one,two}', '{}');
psql:sql/object_address.sql:116: ERROR:  name list length must be exactly 1
SELECT pg_get_object_address('large object', '{123}', '{}');
psql:sql/object_address.sql:117: ERROR:  large object 123 does not exist
SELECT pg_get_object_address('large object', '{123,456}', '{}');
psql:sql/object_address.sql:118: ERROR:  name list length must be exactly 1
SELECT pg_get_object_address('large object', '{blargh}', '{}');
psql:sql/object_address.sql:119: ERROR:  invalid input syntax for type oid: "blargh"
SELECT pg_get_object_address('schema', '{one}', '{}');
psql:sql/object_address.sql:120: ERROR:  schema "one" does not exist
SELECT pg_get_object_address('schema', '{one,two}', '{}');
psql:sql/object_address.sql:121: ERROR:  name list length must be exactly 1
SELECT pg_get_object_address('role', '{one}', '{}');
psql:sql/object_address.sql:122: ERROR:  role "one" does not exist
SELECT pg_get_object_address('role', '{one,two}', '{}');
psql:sql/object_address.sql:123: ERROR:  name list length must be exactly 1
SELECT pg_get_object_address('database', '{one}', '{}');
psql:sql/object_address.sql:124: ERROR:  database "one" does not exist
SELECT pg_get_object_address('database', '{one,two}', '{}');
psql:sql/object_address.sql:125: ERROR:  name list length must be exactly 1
SELECT pg_get_object_address('tablespace', '{one}', '{}');
psql:sql/object_address.sql:126: ERROR:  tablespace "one" does not exist
SELECT pg_get_object_address('tablespace', '{one,two}', '{}');
psql:sql/object_address.sql:127: ERROR:  name list length must be exactly 1
SELECT pg_get_object_address('foreign-data wrapper', '{one}', '{}');
psql:sql/object_address.sql:128: ERROR:  foreign-data wrapper "one" does not exist
SELECT pg_get_object_address('foreign-data wrapper', '{one,two}', '{}');
psql:sql/object_address.sql:129: ERROR:  name list length must be exactly 1
SELECT pg_get_object_address('server', '{one}', '{}');
psql:sql/object_address.sql:130: ERROR:  server "one" does not exist
SELECT pg_get_object_address('server', '{one,two}', '{}');
psql:sql/object_address.sql:131: ERROR:  name list length must be exactly 1
SELECT pg_get_object_address('extension', '{one}', '{}');
psql:sql/object_address.sql:132: ERROR:  extension "one" does not exist
SELECT pg_get_object_address('extension', '{one,two}', '{}');
psql:sql/object_address.sql:133: ERROR:  name list length must be exactly 1
SELECT pg_get_object_address('access method', '{one}', '{}');
psql:sql/object_address.sql:134: ERROR:  access method "one" does not exist
SELECT pg_get_object_address('access method', '{one,two}', '{}');
psql:sql/object_address.sql:135: ERROR:  name list length must be exactly 1
SELECT pg_get_object_address('publication', '{one}', '{}');
psql:sql/object_address.sql:136: ERROR:  publication "one" does not exist
SELECT pg_get_object_address('publication', '{one,two}', '{}');
psql:sql/object_address.sql:137: ERROR:  name list length must be exactly 1
SELECT pg_get_object_address('subscription', '{one}', '{}');
psql:sql/object_address.sql:138: ERROR:  subscription "one" does not exist
SELECT pg_get_object_address('subscription', '{one,two}', '{}');
psql:sql/object_address.sql:139: ERROR:  name list length must be exactly 1
-- test successful cases
WITH objects (type, name, args) AS (VALUES
				('table', '{addr_nsp, gentable}'::text[], '{}'::text[]),
				('table', '{addr_nsp, parttable}'::text[], '{}'::text[]),
				('index', '{addr_nsp, gentable_pkey}', '{}'),
				('index', '{addr_nsp, parttable_pkey}', '{}'),
				('sequence', '{addr_nsp, gentable_a_seq}', '{}'),
				-- toast table
				('view', '{addr_nsp, genview}', '{}'),
				('materialized view', '{addr_nsp, genmatview}', '{}'),
				('foreign table', '{addr_nsp, genftable}', '{}'),
				('table column', '{addr_nsp, gentable, b}', '{}'),
				('foreign table column', '{addr_nsp, genftable, a}', '{}'),
				('aggregate', '{addr_nsp, genaggr}', '{int4}'),
				('function', '{pg_catalog, pg_identify_object}', '{pg_catalog.oid, pg_catalog.oid, int4}'),
				('procedure', '{addr_nsp, proc}', '{int4}'),
				('type', '{pg_catalog._int4}', '{}'),
				('type', '{addr_nsp.gencomptype}', '{}'),
				('type', '{addr_nsp.genenum}', '{}'),
				('cast', '{int8}', '{int4}'),
				('collation', '{default}', '{}'),
				('table constraint', '{addr_nsp, gentable, a_chk}', '{}'),
				('conversion', '{pg_catalog, ascii_to_mic}', '{}'),
				('default value', '{addr_nsp, gentable, b}', '{}'),
				('language', '{plpgsql}', '{}'),
				-- large object
				('operator', '{+}', '{int4, int4}'),
				('operator class', '{btree, int4_ops}', '{}'),
				('operator family', '{btree, integer_ops}', '{}'),
				('operator of access method', '{btree,integer_ops,1}', '{integer,integer}'),
				('function of access method', '{btree,integer_ops,2}', '{integer,integer}'),
				('rule', '{addr_nsp, genview, _RETURN}', '{}'),
				('schema', '{addr_nsp}', '{}'),
				('text search parser', '{addr_ts_prs}', '{}'),
				('text search dictionary', '{addr_ts_dict}', '{}'),
				('text search template', '{addr_ts_temp}', '{}'),
				('text search configuration', '{addr_ts_conf}', '{}'),
				('role', '{regress_addr_user}', '{}'),
				-- database
				-- tablespace
				('foreign-data wrapper', '{addr_fdw}', '{}'),
				('server', '{addr_fserv}', '{}'),
				('user mapping', '{regress_addr_user}', '{integer}'),
				('default acl', '{regress_addr_user,public}', '{r}'),
				('default acl', '{regress_addr_user}', '{r}'),
				-- extension
				('policy', '{addr_nsp, gentable, genpol}', '{}'),
				('transform', '{int}', '{sql}'),
				('access method', '{btree}', '{}'),
				('publication', '{addr_pub}', '{}'),
				('publication relation', '{addr_nsp, gentable}', '{addr_pub}'),
				('subscription', '{addr_sub}', '{}'),
				('statistics object', '{addr_nsp, gentable_stat}', '{}')
        )
-- SELECT (pg_identify_object(addr1.classid, addr1.objid, addr1.objsubid)).*,
	-- -- test roundtrip through pg_identify_object_as_address
	-- ROW(pg_identify_object(addr1.classid, addr1.objid, addr1.objsubid)) =
	-- ROW(pg_identify_object(addr2.classid, addr2.objid, addr2.objsubid))
	  -- FROM objects, pg_get_object_address(type, name, args) addr1,
			-- pg_identify_object_as_address(classid, objid, objsubid) ioa(typ,nms,args),
			-- pg_get_object_address(typ, nms, ioa.args) as addr2
	-- ORDER BY addr1.classid, addr1.objid, addr1.objsubid;
---
--- Cleanup resources
---
\set VERBOSITY terse \\ -- suppress cascade details
DROP FOREIGN DATA WRAPPER addr_fdw CASCADE;
psql:sql/object_address.sql:209: ERROR:  syntax error at or near "DROP" at character 2526
drop table addr_nsp.parttable cascade;
DROP TABLE
-- drop table addr_nsp.gentable cascade;
DROP SCHEMA addr_nsp CASCADE;
psql:sql/object_address.sql:212: NOTICE:  drop cascades to 13 other objects
DROP SCHEMA
ALTER DEFAULT PRIVILEGES FOR ROLE regress_addr_user IN SCHEMA public REVOKE ALL ON TABLES FROM regress_addr_user;
ALTER DEFAULT PRIVILEGES
ALTER DEFAULT PRIVILEGES FOR ROLE regress_addr_user GRANT DELETE ON TABLES TO regress_addr_user;
ALTER DEFAULT PRIVILEGES
DROP USER regress_addr_user;
psql:sql/object_address.sql:217: ERROR:  role "regress_addr_user" cannot be dropped because some objects depend on it
