--
-- Test for facilities of security label
--
-- initial setups
SET client_min_messages TO 'warning';
SET
DROP ROLE IF EXISTS regress_seclabel_user1;
DROP ROLE
DROP ROLE IF EXISTS regress_seclabel_user2;
DROP ROLE
RESET client_min_messages;
RESET
CREATE USER regress_seclabel_user1 WITH CREATEROLE;
CREATE ROLE
CREATE USER regress_seclabel_user2;
CREATE ROLE
CREATE TABLE seclabel_tbl1 (a int, b text);
CREATE TABLE
CREATE TABLE seclabel_tbl2 (x int, y text);
CREATE TABLE
CREATE VIEW seclabel_view1 AS SELECT * FROM seclabel_tbl2;
CREATE VIEW
CREATE FUNCTION seclabel_four() RETURNS integer AS $$SELECT 4$$ language sql;
CREATE FUNCTION
CREATE DOMAIN seclabel_domain AS text;
psql:sql/security_label.sql:20: ERROR:  Statement 'CREATE DOMAIN' is not supported in Kunlun.
ALTER TABLE seclabel_tbl1 OWNER TO regress_seclabel_user1;
ALTER TABLE
ALTER TABLE seclabel_tbl2 OWNER TO regress_seclabel_user2;
ALTER TABLE
--
-- Test of SECURITY LABEL statement without a plugin
--
SECURITY LABEL ON TABLE seclabel_tbl1 IS 'classified';			-- fail
psql:sql/security_label.sql:28: ERROR:  no security label providers have been loaded
SECURITY LABEL FOR 'dummy' ON TABLE seclabel_tbl1 IS 'classified';		-- fail
psql:sql/security_label.sql:29: ERROR:  security label provider "dummy" is not loaded
SECURITY LABEL ON TABLE seclabel_tbl1 IS '...invalid label...';		-- fail
psql:sql/security_label.sql:30: ERROR:  no security label providers have been loaded
SECURITY LABEL ON TABLE seclabel_tbl3 IS 'unclassified';			-- fail
psql:sql/security_label.sql:31: ERROR:  no security label providers have been loaded
SECURITY LABEL ON ROLE regress_seclabel_user1 IS 'classified';			-- fail
psql:sql/security_label.sql:33: ERROR:  no security label providers have been loaded
SECURITY LABEL FOR 'dummy' ON ROLE regress_seclabel_user1 IS 'classified';		-- fail
psql:sql/security_label.sql:34: ERROR:  security label provider "dummy" is not loaded
SECURITY LABEL ON ROLE regress_seclabel_user1 IS '...invalid label...';		-- fail
psql:sql/security_label.sql:35: ERROR:  no security label providers have been loaded
SECURITY LABEL ON ROLE regress_seclabel_user3 IS 'unclassified';			-- fail
psql:sql/security_label.sql:36: ERROR:  no security label providers have been loaded
-- clean up objects
DROP FUNCTION seclabel_four();
DROP FUNCTION
DROP DOMAIN seclabel_domain;
psql:sql/security_label.sql:40: ERROR:  type "seclabel_domain" does not exist
DROP VIEW seclabel_view1;
DROP VIEW
DROP TABLE seclabel_tbl1;
DROP TABLE
DROP TABLE seclabel_tbl2;
DROP TABLE
DROP USER regress_seclabel_user1;
DROP ROLE
DROP USER regress_seclabel_user2;
DROP ROLE
